2024-10-27T03:16:14.325-04:00  INFO [notification-service,,] 83780 --- [notification-service] [main] [                                                 ] c.m.m.p.N.NotificationServiceApplication : Starting NotificationServiceApplication using Java 18 with PID 83780 (/Users/saimanikantatelagamsetty/Downloads/GitDemo-microservice_communication/NotificationService/target/classes started by saimanikantatelagamsetty in /Users/saimanikantatelagamsetty/Downloads/GitDemo-microservice_communication)
2024-10-27T03:16:14.328-04:00  INFO [notification-service,,] 83780 --- [notification-service] [main] [                                                 ] c.m.m.p.N.NotificationServiceApplication : No active profile set, falling back to 1 default profile: "default"
2024-10-27T03:16:15.305-04:00  INFO [notification-service,,] 83780 --- [notification-service] [main] [                                                 ] o.s.cloud.context.scope.GenericScope     : BeanFactory id=0beb6cf5-fbd9-3e05-862b-abdcea6972d7
2024-10-27T03:16:15.348-04:00  WARN [notification-service,,] 83780 --- [notification-service] [main] [                                                 ] trationDelegate$BeanPostProcessorChecker : Bean 'org.springframework.cloud.client.loadbalancer.LoadBalancerAutoConfiguration$DeferringLoadBalancerInterceptorConfig' of type [org.springframework.cloud.client.loadbalancer.LoadBalancerAutoConfiguration$DeferringLoadBalancerInterceptorConfig] is not eligible for getting processed by all BeanPostProcessors (for example: not eligible for auto-proxying). The currently created BeanPostProcessor [lbRestClientPostProcessor] is declared through a non-static factory method on that class; consider declaring it as static instead.
2024-10-27T03:16:15.350-04:00  WARN [notification-service,,] 83780 --- [notification-service] [main] [                                                 ] trationDelegate$BeanPostProcessorChecker : Bean 'deferringLoadBalancerInterceptor' of type [org.springframework.cloud.client.loadbalancer.DeferringLoadBalancerInterceptor] is not eligible for getting processed by all BeanPostProcessors (for example: not eligible for auto-proxying). Is this bean getting eagerly injected/applied to a currently created BeanPostProcessor [lbRestClientPostProcessor]? Check the corresponding BeanPostProcessor declaration and its dependencies/advisors. If this bean does not have to be post-processed, declare it with ROLE_INFRASTRUCTURE.
2024-10-27T03:16:15.459-04:00  INFO [notification-service,,] 83780 --- [notification-service] [main] [                                                 ] o.s.b.w.embedded.tomcat.TomcatWebServer  : Tomcat initialized with port 8087 (http)
2024-10-27T03:16:15.474-04:00  INFO [notification-service,,] 83780 --- [notification-service] [main] [                                                 ] o.apache.catalina.core.StandardService   : Starting service [Tomcat]
2024-10-27T03:16:15.474-04:00  INFO [notification-service,,] 83780 --- [notification-service] [main] [                                                 ] o.apache.catalina.core.StandardEngine    : Starting Servlet engine: [Apache Tomcat/10.1.31]
2024-10-27T03:16:15.513-04:00  INFO [notification-service,,] 83780 --- [notification-service] [main] [                                                 ] o.a.c.c.C.[Tomcat].[localhost].[/]       : Initializing Spring embedded WebApplicationContext
2024-10-27T03:16:15.513-04:00  INFO [notification-service,,] 83780 --- [notification-service] [main] [                                                 ] w.s.c.ServletWebServerApplicationContext : Root WebApplicationContext: initialization completed in 1147 ms
2024-10-27T03:16:16.172-04:00  INFO [notification-service,,] 83780 --- [notification-service] [main] [                                                 ] c.r.stream.impl.StreamEnvironment        : Connecting to localhost with guest user, assuming development environment
2024-10-27T03:16:16.177-04:00  INFO [notification-service,,] 83780 --- [notification-service] [main] [                                                 ] c.r.stream.impl.StreamEnvironment        : Using address resolver to always connect to localhost
2024-10-27T03:16:16.392-04:00  INFO [notification-service,,] 83780 --- [notification-service] [main] [                                                 ] DiscoveryClientOptionalArgsConfiguration : Eureka HTTP Client uses RestTemplate.
2024-10-27T03:16:16.419-04:00  WARN [notification-service,,] 83780 --- [notification-service] [main] [                                                 ] iguration$LoadBalancerCaffeineWarnLogger : Spring Cloud LoadBalancer is currently working with the default cache. While this cache implementation is useful for development and tests, it's recommended to use Caffeine cache in production.You can switch to using Caffeine cache, by adding it and org.springframework.cache.caffeine.CaffeineCacheManager to the classpath.
2024-10-27T03:16:16.424-04:00  INFO [notification-service,,] 83780 --- [notification-service] [main] [                                                 ] o.s.b.a.e.web.EndpointLinksResolver      : Exposing 1 endpoint beneath base path '/actuator'
2024-10-27T03:16:16.488-04:00  INFO [notification-service,,] 83780 --- [notification-service] [main] [                                                 ] o.s.c.n.eureka.InstanceInfoFactory       : Setting initial instance status as: STARTING
2024-10-27T03:16:16.502-04:00  INFO [notification-service,,] 83780 --- [notification-service] [main] [                                                 ] com.netflix.discovery.DiscoveryClient    : Initializing Eureka in region us-east-1
2024-10-27T03:16:16.505-04:00  INFO [notification-service,,] 83780 --- [notification-service] [main] [                                                 ] c.n.d.s.r.aws.ConfigClusterResolver      : Resolving eureka endpoints via configuration
2024-10-27T03:16:16.508-04:00  INFO [notification-service,,] 83780 --- [notification-service] [main] [                                                 ] com.netflix.discovery.DiscoveryClient    : Disable delta property : false
2024-10-27T03:16:16.509-04:00  INFO [notification-service,,] 83780 --- [notification-service] [main] [                                                 ] com.netflix.discovery.DiscoveryClient    : Single vip registry refresh property : null
2024-10-27T03:16:16.509-04:00  INFO [notification-service,,] 83780 --- [notification-service] [main] [                                                 ] com.netflix.discovery.DiscoveryClient    : Force full registry fetch : false
2024-10-27T03:16:16.509-04:00  INFO [notification-service,,] 83780 --- [notification-service] [main] [                                                 ] com.netflix.discovery.DiscoveryClient    : Application is null : false
2024-10-27T03:16:16.509-04:00  INFO [notification-service,,] 83780 --- [notification-service] [main] [                                                 ] com.netflix.discovery.DiscoveryClient    : Registered Applications size is zero : true
2024-10-27T03:16:16.509-04:00  INFO [notification-service,,] 83780 --- [notification-service] [main] [                                                 ] com.netflix.discovery.DiscoveryClient    : Application version is -1: true
2024-10-27T03:16:16.509-04:00  INFO [notification-service,,] 83780 --- [notification-service] [main] [                                                 ] com.netflix.discovery.DiscoveryClient    : Getting all instance registry info from the eureka server
2024-10-27T03:16:16.654-04:00  INFO [notification-service,,] 83780 --- [notification-service] [main] [                                                 ] com.netflix.discovery.DiscoveryClient    : The response status is 200
2024-10-27T03:16:16.657-04:00  INFO [notification-service,,] 83780 --- [notification-service] [main] [                                                 ] com.netflix.discovery.DiscoveryClient    : Starting heartbeat executor: renew interval is: 30
2024-10-27T03:16:16.663-04:00  INFO [notification-service,,] 83780 --- [notification-service] [main] [                                                 ] c.n.discovery.InstanceInfoReplicator     : InstanceInfoReplicator onDemand update allowed rate per min is 4
2024-10-27T03:16:16.667-04:00  INFO [notification-service,,] 83780 --- [notification-service] [main] [                                                 ] com.netflix.discovery.DiscoveryClient    : Discovery Client initialized at timestamp 1730013376667 with initial instances count: 0
2024-10-27T03:16:16.669-04:00  INFO [notification-service,,] 83780 --- [notification-service] [main] [                                                 ] o.s.c.n.e.s.EurekaServiceRegistry        : Registering application NOTIFICATION-SERVICE with eureka with status UP
2024-10-27T03:16:16.669-04:00  INFO [notification-service,,] 83780 --- [notification-service] [main] [                                                 ] com.netflix.discovery.DiscoveryClient    : Saw local status change event StatusChangeEvent [timestamp=1730013376669, current=UP, previous=STARTING]
2024-10-27T03:16:16.670-04:00  INFO [notification-service,,] 83780 --- [notification-service] [DiscoveryClient-InstanceInfoReplicator-%d] [                                                 ] com.netflix.discovery.DiscoveryClient    : DiscoveryClient_NOTIFICATION-SERVICE/10.0.0.47:notification-service:8087: registering service...
2024-10-27T03:16:16.674-04:00  INFO [notification-service,,] 83780 --- [notification-service] [main] [                                                 ] o.s.b.w.embedded.tomcat.TomcatWebServer  : Tomcat started on port 8087 (http) with context path '/'
2024-10-27T03:16:16.675-04:00  INFO [notification-service,,] 83780 --- [notification-service] [main] [                                                 ] .s.c.n.e.s.EurekaAutoServiceRegistration : Updating port to 8087
2024-10-27T03:16:16.677-04:00  INFO [notification-service,,] 83780 --- [notification-service] [main] [                                                 ] o.s.a.r.c.CachingConnectionFactory       : Attempting to connect to: [localhost:5672]
2024-10-27T03:16:16.696-04:00  INFO [notification-service,,] 83780 --- [notification-service] [DiscoveryClient-InstanceInfoReplicator-%d] [                                                 ] com.netflix.discovery.DiscoveryClient    : DiscoveryClient_NOTIFICATION-SERVICE/10.0.0.47:notification-service:8087 - registration status: 204
2024-10-27T03:16:16.777-04:00  INFO [notification-service,,] 83780 --- [notification-service] [main] [                                                 ] o.s.a.r.c.CachingConnectionFactory       : Created new connection: rabbitConnectionFactory#4899799b:0/SimpleConnection@6e6c8854 [delegate=amqp://guest@127.0.0.1:5672/, localPort=62180]
2024-10-27T03:16:16.843-04:00  INFO [notification-service,,] 83780 --- [notification-service] [main] [                                                 ] c.m.m.p.N.NotificationServiceApplication : Started NotificationServiceApplication in 3.102 seconds (process running for 3.546)
2024-10-27T03:16:17.661-04:00  WARN [notification-service,,] 83780 --- [notification-service] [AsyncReporter{ZipkinRestTemplateSender{http://localhost:9411/api/v2/spans}}] [                                                 ] z.r.i.AsyncReporter$BoundedAsyncReporter : Spans were dropped due to exceptions. All subsequent errors will be logged at FINE level.
2024-10-27T03:16:17.661-04:00  WARN [notification-service,,] 83780 --- [notification-service] [AsyncReporter{ZipkinRestTemplateSender{http://localhost:9411/api/v2/spans}}] [                                                 ] z.r.i.AsyncReporter$BoundedAsyncReporter : Dropped 2 spans due to ResourceAccessException(I/O error on POST request for "http://localhost:9411/api/v2/spans": Connect to http://localhost:9411 [localhost/127.0.0.1, localhost/0:0:0:0:0:0:0:1] failed: Connection refused)

org.springframework.web.client.ResourceAccessException: I/O error on POST request for "http://localhost:9411/api/v2/spans": Connect to http://localhost:9411 [localhost/127.0.0.1, localhost/0:0:0:0:0:0:0:1] failed: Connection refused
	at org.springframework.web.client.RestTemplate.createResourceAccessException(RestTemplate.java:915) ~[spring-web-6.1.14.jar:6.1.14]
	at org.springframework.web.client.RestTemplate.doExecute(RestTemplate.java:895) ~[spring-web-6.1.14.jar:6.1.14]
	at org.springframework.web.client.RestTemplate.execute(RestTemplate.java:830) ~[spring-web-6.1.14.jar:6.1.14]
	at org.springframework.web.client.RestTemplate.exchange(RestTemplate.java:691) ~[spring-web-6.1.14.jar:6.1.14]
	at org.springframework.boot.actuate.autoconfigure.tracing.zipkin.ZipkinRestTemplateSender.postSpans(ZipkinRestTemplateSender.java:50) ~[spring-boot-actuator-autoconfigure-3.3.5.jar:3.3.5]
	at org.springframework.boot.actuate.autoconfigure.tracing.zipkin.HttpSender.postSpans(HttpSender.java:69) ~[spring-boot-actuator-autoconfigure-3.3.5.jar:3.3.5]
	at org.springframework.boot.actuate.autoconfigure.tracing.zipkin.HttpSender.postSpans(HttpSender.java:41) ~[spring-boot-actuator-autoconfigure-3.3.5.jar:3.3.5]
	at zipkin2.reporter.BaseHttpSender.send(BaseHttpSender.java:123) ~[zipkin-reporter-3.4.2.jar:na]
	at zipkin2.reporter.internal.AsyncReporter$BoundedAsyncReporter.flush(AsyncReporter.java:266) ~[zipkin-reporter-3.4.2.jar:na]
	at zipkin2.reporter.internal.AsyncReporter$Flusher.run(AsyncReporter.java:352) ~[zipkin-reporter-3.4.2.jar:na]
	at java.base/java.lang.Thread.run(Thread.java:833) ~[na:na]
Caused by: org.apache.hc.client5.http.HttpHostConnectException: Connect to http://localhost:9411 [localhost/127.0.0.1, localhost/0:0:0:0:0:0:0:1] failed: Connection refused
	at java.base/sun.nio.ch.Net.pollConnect(Native Method) ~[na:na]
	at java.base/sun.nio.ch.Net.pollConnectNow(Net.java:672) ~[na:na]
	at java.base/sun.nio.ch.NioSocketImpl.timedFinishConnect(NioSocketImpl.java:546) ~[na:na]
	at java.base/sun.nio.ch.NioSocketImpl.connect(NioSocketImpl.java:594) ~[na:na]
	at java.base/java.net.SocksSocketImpl.connect(SocksSocketImpl.java:327) ~[na:na]
	at java.base/java.net.Socket.connect(Socket.java:633) ~[na:na]
	at org.apache.hc.client5.http.socket.PlainConnectionSocketFactory.lambda$connectSocket$0(PlainConnectionSocketFactory.java:91) ~[httpclient5-5.3.1.jar:5.3.1]
	at java.base/java.security.AccessController.doPrivileged(AccessController.java:569) ~[na:na]
	at org.apache.hc.client5.http.socket.PlainConnectionSocketFactory.connectSocket(PlainConnectionSocketFactory.java:90) ~[httpclient5-5.3.1.jar:5.3.1]
	at org.apache.hc.client5.http.socket.ConnectionSocketFactory.connectSocket(ConnectionSocketFactory.java:123) ~[httpclient5-5.3.1.jar:5.3.1]
	at org.apache.hc.client5.http.impl.io.DefaultHttpClientConnectionOperator.connect(DefaultHttpClientConnectionOperator.java:189) ~[httpclient5-5.3.1.jar:5.3.1]
	at org.apache.hc.client5.http.impl.io.PoolingHttpClientConnectionManager.connect(PoolingHttpClientConnectionManager.java:450) ~[httpclient5-5.3.1.jar:5.3.1]
	at org.apache.hc.client5.http.impl.classic.InternalExecRuntime.connectEndpoint(InternalExecRuntime.java:162) ~[httpclient5-5.3.1.jar:5.3.1]
	at org.apache.hc.client5.http.impl.classic.InternalExecRuntime.connectEndpoint(InternalExecRuntime.java:172) ~[httpclient5-5.3.1.jar:5.3.1]
	at org.apache.hc.client5.http.impl.classic.ConnectExec.execute(ConnectExec.java:142) ~[httpclient5-5.3.1.jar:5.3.1]
	at org.apache.hc.client5.http.impl.classic.ExecChainElement.execute(ExecChainElement.java:51) ~[httpclient5-5.3.1.jar:5.3.1]
	at org.apache.hc.client5.http.impl.classic.ProtocolExec.execute(ProtocolExec.java:192) ~[httpclient5-5.3.1.jar:5.3.1]
	at org.apache.hc.client5.http.impl.classic.ExecChainElement.execute(ExecChainElement.java:51) ~[httpclient5-5.3.1.jar:5.3.1]
	at org.apache.hc.client5.http.impl.classic.HttpRequestRetryExec.execute(HttpRequestRetryExec.java:113) ~[httpclient5-5.3.1.jar:5.3.1]
	at org.apache.hc.client5.http.impl.classic.ExecChainElement.execute(ExecChainElement.java:51) ~[httpclient5-5.3.1.jar:5.3.1]
	at org.apache.hc.client5.http.impl.classic.ContentCompressionExec.execute(ContentCompressionExec.java:152) ~[httpclient5-5.3.1.jar:5.3.1]
	at org.apache.hc.client5.http.impl.classic.ExecChainElement.execute(ExecChainElement.java:51) ~[httpclient5-5.3.1.jar:5.3.1]
	at org.apache.hc.client5.http.impl.classic.RedirectExec.execute(RedirectExec.java:116) ~[httpclient5-5.3.1.jar:5.3.1]
	at org.apache.hc.client5.http.impl.classic.ExecChainElement.execute(ExecChainElement.java:51) ~[httpclient5-5.3.1.jar:5.3.1]
	at org.apache.hc.client5.http.impl.classic.InternalHttpClient.doExecute(InternalHttpClient.java:170) ~[httpclient5-5.3.1.jar:5.3.1]
	at org.apache.hc.client5.http.impl.classic.CloseableHttpClient.execute(CloseableHttpClient.java:87) ~[httpclient5-5.3.1.jar:5.3.1]
	at org.apache.hc.client5.http.impl.classic.CloseableHttpClient.execute(CloseableHttpClient.java:55) ~[httpclient5-5.3.1.jar:5.3.1]
	at org.apache.hc.client5.http.classic.HttpClient.executeOpen(HttpClient.java:183) ~[httpclient5-5.3.1.jar:5.3.1]
	at org.springframework.http.client.HttpComponentsClientHttpRequest.executeInternal(HttpComponentsClientHttpRequest.java:99) ~[spring-web-6.1.14.jar:6.1.14]
	at org.springframework.http.client.AbstractStreamingClientHttpRequest.executeInternal(AbstractStreamingClientHttpRequest.java:70) ~[spring-web-6.1.14.jar:6.1.14]
	at org.springframework.http.client.AbstractClientHttpRequest.execute(AbstractClientHttpRequest.java:66) ~[spring-web-6.1.14.jar:6.1.14]
	at org.springframework.web.client.RestTemplate.doExecute(RestTemplate.java:889) ~[spring-web-6.1.14.jar:6.1.14]
	... 9 common frames omitted

